eeschema (2013-may-18)-stable  >> Creation date: Wed 21 May 2014 04:09:05 PM CEST
#Cmp ( order = Reference )
| C1         10u         
| C2         100n        
| C3         22p         
| C4         22p         
| C5         330nF       
| C6         100nF       
| C7         100n        
| C8         100n        
| C9         100n        
| C10        100n        
| C11        100n        
| C12        100n        
| C13        100n        
| C14        100n        
| C15        100n        
| C16        100n        
| C17        100n        
| C18        100n        
| C19        100n        
| C20        100n        
| C21        100n        
| C22        100n        
| C23        10u         
| C24        10u         
| C25        100n        
| C26        100n        
| C27        100n        
| C28        100n        
| C29        100n        
| C30        100n        
| C31        100n        
| C32        100n        
| D1         LED1        
| D2         LED2        
| D3         LED3        
| D4         LED4        
| D5         LED_POW     
| IC1        ATMEGA88A-A 
| J1         RJ45_8P8C_8FACH
| K1         pow_sel     
| P1         UART        
| P2         Shield      
| P3         i2c_pow     
| P4         i2c_chain   
| P5         12Vin       
| P6         HOHLBUCHSE  
| P7         Vccin       
| P8         ISP         
| P9         5Vin        
| R1         10k         
| R2         150         
| R3         150         
| R4         150         
| R5         150         
| R6         2k2         
| R7         2k2         
| R8         150         
| R9         10k         
| R10        22k         
| R11        22k         
| R12        22k         
| R13        22k         
| R14        22k         
| R15        22k         
| R16        22k         
| R17        22k         
| R18        120         
| R19        120         
| R20        120         
| R21        120         
| R22        22k         
| R23        22k         
| R24        22k         
| R25        22k         
| R26        22k         
| R27        22k         
| R28        22k         
| R29        22k         
| R30        120         
| R31        120         
| R32        120         
| R33        120         
| R34        0           
| SW1        SW1         
| SW2        SCHALTER_2POL
| SW3        SW_RESET    
| U1         LM7805      
| U2         ST485       
| U3         ST485       
| U4         ST485       
| U5         ST485       
| U6         ST485       
| U7         ST485       
| U8         ST485       
| U9         ST485       
| X1         20MHz       
#End Cmp

#Cmp ( order = Value )
| 22p          C3        
| 22p          C4        
| 100n         C2        
| 100nF        C6        
| 100n         C7        
| 100n         C8        
| 100n         C9        
| 100n         C10       
| 100n         C11       
| 100n         C12       
| 100n         C13       
| 100n         C14       
| 100n         C15       
| 100n         C16       
| 100n         C17       
| 100n         C18       
| 100n         C19       
| 100n         C20       
| 100n         C21       
| 100n         C22       
| 100n         C25       
| 100n         C26       
| 100n         C27       
| 100n         C28       
| 100n         C29       
| 100n         C30       
| 100n         C31       
| 100n         C32       
| 330nF        C5        
| 10u          C1        
| 10u          C23       
| 10u          C24       
| LED1         D1        
| LED2         D2        
| LED3         D3        
| LED4         D4        
| LED_POW      D5        
| ATMEGA88A-A  IC1       
| RJ45_8P8C_8FACH J1        
| pow_sel      K1        
| UART         P1        
| Shield       P2        
| i2c_pow      P3        
| i2c_chain    P4        
| 12Vin        P5        
| HOHLBUCHSE   P6        
| Vccin        P7        
| ISP          P8        
| 5Vin         P9        
| 0            R34       
| 120          R18       
| 120          R19       
| 120          R20       
| 120          R21       
| 120          R30       
| 120          R31       
| 120          R32       
| 120          R33       
| 150          R2        
| 150          R3        
| 150          R4        
| 150          R5        
| 150          R8        
| 2k2          R6        
| 2k2          R7        
| 10k          R1        
| 10k          R9        
| 22k          R10       
| 22k          R11       
| 22k          R12       
| 22k          R13       
| 22k          R14       
| 22k          R15       
| 22k          R16       
| 22k          R17       
| 22k          R22       
| 22k          R23       
| 22k          R24       
| 22k          R25       
| 22k          R26       
| 22k          R27       
| 22k          R28       
| 22k          R29       
| SW1          SW1       
| SCHALTER_2POL SW2       
| SW_RESET     SW3       
| LM7805       U1        
| ST485        U2        
| ST485        U3        
| ST485        U4        
| ST485        U5        
| ST485        U6        
| ST485        U7        
| ST485        U8        
| ST485        U9        
| 20MHz        X1        
#End Cmp

#End List
